src/pages/Gastos.tsx(32,95): error TS2353: Object literal may only specify known properties, and 'payment_date' does not exist in type 'RegistroPagoForm | (() => RegistroPagoForm)'.
src/pages/Gastos.tsx(55,13): error TS2554: Expected 4 arguments, but got 2.
src/pages/Gastos.tsx(70,13): error TS2554: Expected 4 arguments, but got 2.
src/pages/Gastos.tsx(72,65): error TS2353: Object literal may only specify known properties, and 'expense_category_id' does not exist in type 'SetStateAction<RegistroPagoForm>'.
src/pages/Gastos.tsx(85,7): error TS2353: Object literal may only specify known properties, and 'expense_category_id' does not exist in type 'SetStateAction<RegistroPagoForm>'.
src/pages/Gastos.tsx(231,30): error TS2339: Property 'expense_category_id' does not exist on type 'RegistroPagoForm'.
src/pages/Gastos.tsx(234,75): error TS2353: Object literal may only specify known properties, and 'expense_category_id' does not exist in type 'SetStateAction<RegistroPagoForm>'.
src/pages/Gastos.tsx(253,135): error TS2339: Property 'payment_date' does not exist on type 'RegistroPagoForm'.
src/pages/Gastos.tsx(253,193): error TS2353: Object literal may only specify known properties, and 'payment_date' does not exist in type 'SetStateAction<RegistroPagoForm>'.
src/pages/HistorialCierres.tsx(3,31): error TS2305: Module '"../services/cajaService"' has no exported member 'getDetalleCierre'.
src/pages/HistorialCierres.tsx(3,66): error TS2305: Module '"../services/cajaService"' has no exported member 'DetalleCierre'.
src/pages/HistorialCierres.tsx(44,53): error TS2339: Property 'user_id' does not exist on type 'CierreHistorico'.
src/pages/HistorialCierres.tsx(193,85): error TS2339: Property 'initial_cash' does not exist on type 'CierreHistorico'.
src/pages/HistorialCierres.tsx(194,70): error TS2339: Property 'difference' does not exist on type 'CierreHistorico'.
src/pages/HistorialCierres.tsx(201,69): error TS2345: Argument of type 'string | null' is not assignable to parameter of type 'string'.
  Type 'null' is not assignable to type 'string'.
src/pages/HistorialCierres.tsx(206,104): error TS2339: Property 'sales_count' does not exist on type 'CierreHistorico'.
src/pages/HistorialCierres.tsx(209,60): error TS2339: Property 'initial_cash' does not exist on type 'CierreHistorico'.
src/pages/HistorialCierres.tsx(223,61): error TS2339: Property 'difference' does not exist on type 'CierreHistorico'.
src/pages/HistorialCierres.tsx(223,95): error TS2339: Property 'difference' does not exist on type 'CierreHistorico'.
src/pages/Insumos.tsx(68,18): error TS2345: Argument of type '{ id: any; name: any; unit_measure: any; unit_cost: any; is_active: any; current_stock: any; min_quantity: any; stock_id: any; }[]' is not assignable to parameter of type 'SetStateAction<Insumo[]>'.
  Type '{ id: any; name: any; unit_measure: any; unit_cost: any; is_active: any; current_stock: any; min_quantity: any; stock_id: any; }[]' is not assignable to type 'Insumo[]'.
    Property 'min_stock' is missing in type '{ id: any; name: any; unit_measure: any; unit_cost: any; is_active: any; current_stock: any; min_quantity: any; stock_id: any; }' but required in type 'Insumo'.
src/pages/SuperAdmin.tsx(7,10): error TS2305: Module '"../types/supabase"' has no exported member 'Organization'.
src/pages/SuperAdmin.tsx(35,14): error TS2345: Argument of type 'SelectQueryError<"column 'price' does not exist on 'subscription_plans'.">[]' is not assignable to parameter of type 'SetStateAction<{ id: string; name: string; price: number; }[]>'.
  Type 'SelectQueryError<"column 'price' does not exist on 'subscription_plans'.">[]' is not assignable to type '{ id: string; name: string; price: number; }[]'.
    Type '{ error: true; } & String' is missing the following properties from type '{ id: string; name: string; price: number; }': id, name, price
src/pages/Usuarios.tsx(50,21): error TS2352: Conversion of type '{ created_at: string; first_name: string; id: string; is_active: boolean; last_name: string; organization_id: string | null; role: "admin" | "cashier" | "viewer"; }[]' to type 'UsuarioItem[]' may be a mistake because neither type sufficiently overlaps with the other. If this was intentional, convert the expression to 'unknown' first.
  Property 'email' is missing in type '{ created_at: string; first_name: string; id: string; is_active: boolean; last_name: string; organization_id: string | null; role: "admin" | "cashier" | "viewer"; }' but required in type 'UsuarioItem'.
src/pages/Usuarios.tsx(65,25): error TS2352: Conversion of type '{ created_at: string; first_name: string; id: string; is_active: boolean; last_name: string; organization_id: string | null; role: "admin" | "cashier" | "viewer"; }[]' to type 'UsuarioItem[]' may be a mistake because neither type sufficiently overlaps with the other. If this was intentional, convert the expression to 'unknown' first.
  Property 'email' is missing in type '{ created_at: string; first_name: string; id: string; is_active: boolean; last_name: string; organization_id: string | null; role: "admin" | "cashier" | "viewer"; }' but required in type 'UsuarioItem'.
src/services/authService.ts(33,27): error TS2339: Property 'organization_id' does not exist on type 'SelectQueryError<"column 'branch_id' does not exist on 'profiles'.">'.
src/services/authService.ts(34,21): error TS2339: Property 'branch_id' does not exist on type 'SelectQueryError<"column 'branch_id' does not exist on 'profiles'.">'.
src/services/authService.ts(35,16): error TS2339: Property 'role' does not exist on type 'SelectQueryError<"column 'branch_id' does not exist on 'profiles'.">'.
src/services/authService.ts(36,22): error TS2339: Property 'first_name' does not exist on type 'SelectQueryError<"column 'branch_id' does not exist on 'profiles'.">'.
src/services/breakEvenService.ts(61,59): error TS2339: Property 'total_amount' does not exist on type 'SelectQueryError<"column 'total_amount' does not exist on 'sales'.">'.
src/services/cajaService.ts(172,5): error TS2322: Type 'string | undefined' is not assignable to type 'string'.
  Type 'undefined' is not assignable to type 'string'.
src/services/cajaService.ts(176,5): error TS2322: Type 'string | null' is not assignable to type 'string | undefined'.
  Type 'null' is not assignable to type 'string | undefined'.
src/services/cajaService.ts(180,10): error TS2352: Conversion of type 'string | number | boolean | { [key: string]: Json | undefined; } | Json[] | null' to type 'ResultadoCierre' may be a mistake because neither type sufficiently overlaps with the other. If this was intentional, convert the expression to 'unknown' first.
  Type 'Json[]' is missing the following properties from type 'ResultadoCierre': success, session_id, opening, closing_cash, and 9 more.
src/services/clientesService.ts(69,9): error TS2353: Object literal may only specify known properties, and 'discount_rate' does not exist in type '{ created_at?: string | undefined; customer_id?: string | undefined; id?: string | undefined; organization_id?: string | undefined; }'.
src/services/clientesService.ts(84,15): error TS2353: Object literal may only specify known properties, and 'is_active' does not exist in type '{ created_at?: string | undefined; customer_id?: string | undefined; id?: string | undefined; organization_id?: string | undefined; }'.
src/services/demoService.ts(68,8): error TS2769: No overload matches this call.
  Overload 1 of 2, '(values: { branch_id: string; created_at?: string | undefined; customer_id?: string | null | undefined; id?: string | undefined; notes?: string | null | undefined; organization_id: string; profile_id: string; sale_status?: "pendiente" | ... 1 more ... | undefined; total?: number | undefined; }, options?: { ...; } | undefined): PostgrestFilterBuilder<...>', gave the following error.
    Object literal may only specify known properties, and 'total_amount' does not exist in type '{ branch_id: string; created_at?: string | undefined; customer_id?: string | null | undefined; id?: string | undefined; notes?: string | null | undefined; organization_id: string; profile_id: string; sale_status?: "pendiente" | ... 1 more ... | undefined; total?: number | undefined; }'.
  Overload 2 of 2, '(values: { branch_id: string; created_at?: string | undefined; customer_id?: string | null | undefined; id?: string | undefined; notes?: string | null | undefined; organization_id: string; profile_id: string; sale_status?: "pendiente" | ... 1 more ... | undefined; total?: number | undefined; }[], options?: { ...; } | undefined): PostgrestFilterBuilder<...>', gave the following error.
    Object literal may only specify known properties, and 'organization_id' does not exist in type '{ branch_id: string; created_at?: string | undefined; customer_id?: string | null | undefined; id?: string | undefined; notes?: string | null | undefined; organization_id: string; profile_id: string; sale_status?: "pendiente" | ... 1 more ... | undefined; total?: number | undefined; }[]'.
src/services/demoService.ts(102,42): error TS2769: No overload matches this call.
  Overload 1 of 2, '(values: { amount?: number | undefined; branch_id: string; category_id: string; created_at?: string | undefined; description?: string | null | undefined; expense_date?: string | undefined; id?: string | undefined; organization_id: string; profile_id: string; receipt_url?: string | ... 1 more ... | undefined; }, options?: { ...; } | undefined): PostgrestFilterBuilder<...>', gave the following error.
    Argument of type '{ organization_id: string; description: string; amount: number; payment_date: string; }[]' is not assignable to parameter of type '{ amount?: number | undefined; branch_id: string; category_id: string; created_at?: string | undefined; description?: string | null | undefined; expense_date?: string | undefined; id?: string | undefined; organization_id: string; profile_id: string; receipt_url?: string | ... 1 more ... | undefined; }'.
      Type '{ organization_id: string; description: string; amount: number; payment_date: string; }[]' is missing the following properties from type '{ amount?: number | undefined; branch_id: string; category_id: string; created_at?: string | undefined; description?: string | null | undefined; expense_date?: string | undefined; id?: string | undefined; organization_id: string; profile_id: string; receipt_url?: string | ... 1 more ... | undefined; }': branch_id, category_id, organization_id, profile_id
src/services/onboardingService.ts(40,6): error TS2769: No overload matches this call.
  Overload 1 of 2, '(values: { address: string; created_at?: string | undefined; id?: string | undefined; logo_url?: string | null | undefined; name: string; next_billing_at?: string | null | undefined; nit: string; ... 4 more ...; trial_ends_at?: string | ... 1 more ... | undefined; }, options?: { ...; } | undefined): PostgrestFilterBuilder<...>', gave the following error.
    Argument of type '{ name: string; status: string; }[]' is not assignable to parameter of type '{ address: string; created_at?: string | undefined; id?: string | undefined; logo_url?: string | null | undefined; name: string; next_billing_at?: string | null | undefined; nit: string; ... 4 more ...; trial_ends_at?: string | ... 1 more ... | undefined; }'.
      Type '{ name: string; status: string; }[]' is missing the following properties from type '{ address: string; created_at?: string | undefined; id?: string | undefined; logo_url?: string | null | undefined; name: string; next_billing_at?: string | null | undefined; nit: string; ... 4 more ...; trial_ends_at?: string | ... 1 more ... | undefined; }': address, name, nit, subscription_plan_id
  Overload 2 of 2, '(values: { address: string; created_at?: string | undefined; id?: string | undefined; logo_url?: string | null | undefined; name: string; next_billing_at?: string | null | undefined; nit: string; ... 4 more ...; trial_ends_at?: string | ... 1 more ... | undefined; }[], options?: { ...; } | undefined): PostgrestFilterBuilder<...>', gave the following error.
    Type '{ name: string; status: "trial"; }' is missing the following properties from type '{ address: string; created_at?: string | undefined; id?: string | undefined; logo_url?: string | null | undefined; name: string; next_billing_at?: string | null | undefined; nit: string; ... 4 more ...; trial_ends_at?: string | ... 1 more ... | undefined; }': address, nit, subscription_plan_id
src/services/onboardingService.ts(49,6): error TS2769: No overload matches this call.
  Overload 1 of 2, '(values: { address: string; created_at?: string | undefined; id?: string | undefined; is_active?: boolean | undefined; is_main?: boolean | undefined; name: string; organization_id: string; phone?: string | ... 1 more ... | undefined; }, options?: { ...; } | undefined): PostgrestFilterBuilder<...>', gave the following error.
    Argument of type '{ organization_id: string; name: string; is_main: boolean; }[]' is not assignable to parameter of type '{ address: string; created_at?: string | undefined; id?: string | undefined; is_active?: boolean | undefined; is_main?: boolean | undefined; name: string; organization_id: string; phone?: string | ... 1 more ... | undefined; }'.
      Type '{ organization_id: string; name: string; is_main: boolean; }[]' is missing the following properties from type '{ address: string; created_at?: string | undefined; id?: string | undefined; is_active?: boolean | undefined; is_main?: boolean | undefined; name: string; organization_id: string; phone?: string | ... 1 more ... | undefined; }': address, name, organization_id
  Overload 2 of 2, '(values: { address: string; created_at?: string | undefined; id?: string | undefined; is_active?: boolean | undefined; is_main?: boolean | undefined; name: string; organization_id: string; phone?: string | ... 1 more ... | undefined; }[], options?: { ...; } | undefined): PostgrestFilterBuilder<...>', gave the following error.
    Property 'address' is missing in type '{ organization_id: string; name: string; is_main: true; }' but required in type '{ address: string; created_at?: string | undefined; id?: string | undefined; is_active?: boolean | undefined; is_main?: boolean | undefined; name: string; organization_id: string; phone?: string | ... 1 more ... | undefined; }'.
src/services/reportesService.ts(137,22): error TS2339: Property 'created_at' does not exist on type 'SelectQueryError<"column 'total_amount' does not exist on 'sales'.">'.
src/services/reportesService.ts(139,32): error TS2339: Property 'total_amount' does not exist on type 'SelectQueryError<"column 'total_amount' does not exist on 'sales'.">'.
src/services/subscriptionService.ts(91,19): error TS2769: No overload matches this call.
  Overload 1 of 2, '(relation: "organizations" | "branches" | "profiles" | "customers" | "expense_categories" | "subscription_plans" | "product_categories" | "products" | "supplies" | "sales" | "billing_history" | ... 7 more ... | "supply_stock"): PostgrestQueryBuilder<...>', gave the following error.
    Argument of type '"subscription_plan_features"' is not assignable to parameter of type '"organizations" | "branches" | "profiles" | "customers" | "expense_categories" | "subscription_plans" | "product_categories" | "products" | "supplies" | "sales" | "billing_history" | ... 7 more ... | "supply_stock"'.
  Overload 2 of 2, '(relation: "mv_product_costs" | "v_break_even" | "v_estado_resultados"): PostgrestQueryBuilder<{ PostgrestVersion: "13.0.5"; }, { Tables: { billing_history: { Row: { amount: number | null; created_at: string; ... 5 more ...; receipt_url: string | null; }; Insert: { ...; }; Update: { ...; }; Relationships: [...]; }; ... 17 more ...; supply_stock: { ...; }; }; Views: { ...; }; Functions: { ...; }; Enums: { ...; }; CompositeTypes: {}; }, { ...; } | ... 1 more ... | { ...; }, "mv_product_costs" | ... 1 more ... | "v_estado_resultados", [...] | ... 1 more ... | [...]>', gave the following error.
    Argument of type '"subscription_plan_features"' is not assignable to parameter of type '"mv_product_costs" | "v_break_even" | "v_estado_resultados"'.
src/services/subscriptionService.ts(100,33): error TS2339: Property 'feature_code' does not exist on type 'SelectQueryError<"column 'feature_code' does not exist on 'organizations'."> | SelectQueryError<"column 'feature_code' does not exist on 'branches'."> | ... 16 more ... | SelectQueryError<...>'.
  Property 'feature_code' does not exist on type 'SelectQueryError<"column 'feature_code' does not exist on 'organizations'.">'.
src/services/subscriptionService.ts(116,19): error TS2769: No overload matches this call.
  Overload 1 of 2, '(relation: "organizations" | "branches" | "profiles" | "customers" | "expense_categories" | "subscription_plans" | "product_categories" | "products" | "supplies" | "sales" | "billing_history" | ... 7 more ... | "supply_stock"): PostgrestQueryBuilder<...>', gave the following error.
    Argument of type '"organization_subscription_details"' is not assignable to parameter of type '"organizations" | "branches" | "profiles" | "customers" | "expense_categories" | "subscription_plans" | "product_categories" | "products" | "supplies" | "sales" | "billing_history" | ... 7 more ... | "supply_stock"'.
  Overload 2 of 2, '(relation: "mv_product_costs" | "v_break_even" | "v_estado_resultados"): PostgrestQueryBuilder<{ PostgrestVersion: "13.0.5"; }, { Tables: { billing_history: { Row: { amount: number | null; created_at: string; ... 5 more ...; receipt_url: string | null; }; Insert: { ...; }; Update: { ...; }; Relationships: [...]; }; ... 17 more ...; supply_stock: { ...; }; }; Views: { ...; }; Functions: { ...; }; Enums: { ...; }; CompositeTypes: {}; }, { ...; } | ... 1 more ... | { ...; }, "mv_product_costs" | ... 1 more ... | "v_estado_resultados", [...] | ... 1 more ... | [...]>', gave the following error.
    Argument of type '"organization_subscription_details"' is not assignable to parameter of type '"mv_product_costs" | "v_break_even" | "v_estado_resultados"'.
src/services/subscriptionService.ts(126,16): error TS2352: Conversion of type '{ cost_per_unit: number; created_at: string; id: string; is_active: boolean; name: string; organization_id: string; unit: string; } | { category_id: string | null; created_at: string; description: string | null; ... 4 more ...; sale_price: number; } | ... 16 more ... | { ...; }' to type 'OrganizationSubscription' may be a mistake because neither type sufficiently overlaps with the other. If this was intentional, convert the expression to 'unknown' first.
  Type '{ branch_id: string; created_at: string; id: string; min_quantity: number; quantity: number; supply_id: string; }' is missing the following properties from type 'OrganizationSubscription': organization_id, organization_name, plan_id, plan_name, and 6 more.
src/services/subscriptionService.ts(298,16): error TS2352: Conversion of type '{ code: string; created_at: string; id: string; is_active: boolean; max_branches: number | null; max_users: number | null; name: string; price_monthly: number; }[]' to type 'SubscriptionPlan[]' may be a mistake because neither type sufficiently overlaps with the other. If this was intentional, convert the expression to 'unknown' first.
  Type '{ code: string; created_at: string; id: string; is_active: boolean; max_branches: number | null; max_users: number | null; name: string; price_monthly: number; }' is missing the following properties from type 'SubscriptionPlan': description, monthly_price
src/services/usuariosService.ts(2,10): error TS2305: Module '"../types/supabase"' has no exported member 'UserRole'.
src/services/usuariosService.ts(71,8): error TS2769: No overload matches this call.
  Overload 1 of 2, '(values: { created_at?: string | undefined; first_name: string; id: string; is_active?: boolean | undefined; last_name: string; organization_id?: string | null | undefined; role?: "admin" | "cashier" | "viewer" | undefined; }, options?: { ...; } | undefined): PostgrestFilterBuilder<...>', gave the following error.
    Object literal may only specify known properties, and 'email' does not exist in type '{ created_at?: string | undefined; first_name: string; id: string; is_active?: boolean | undefined; last_name: string; organization_id?: string | null | undefined; role?: "admin" | "cashier" | "viewer" | undefined; }'.
  Overload 2 of 2, '(values: { created_at?: string | undefined; first_name: string; id: string; is_active?: boolean | undefined; last_name: string; organization_id?: string | null | undefined; role?: "admin" | "cashier" | "viewer" | undefined; }[], options?: { ...; } | undefined): PostgrestFilterBuilder<...>', gave the following error.
    Object literal may only specify known properties, and 'id' does not exist in type '{ created_at?: string | undefined; first_name: string; id: string; is_active?: boolean | undefined; last_name: string; organization_id?: string | null | undefined; role?: "admin" | "cashier" | "viewer" | undefined; }[]'.
