src/components/finance/CuentasPanel.tsx(42,5): error TS2353: Object literal may only specify known properties, and 'supplier_id' does not exist in type 'AccountPayableForm | (() => AccountPayableForm)'.
src/components/finance/CuentasPanel.tsx(119,9): error TS2353: Object literal may only specify known properties, and 'supplier_id' does not exist in type 'SetStateAction<AccountPayableForm>'.
src/components/finance/CuentasPanel.tsx(240,86): error TS2339: Property 'supplier_id' does not exist on type 'AccountPayableForm'.
src/components/finance/CuentasPanel.tsx(241,151): error TS2353: Object literal may only specify known properties, and 'supplier_id' does not exist in type 'SetStateAction<AccountPayableForm>'.
src/components/finance/PricingCalculator.tsx(5,72): error TS6133: 'Info' is declared but its value is never read.
src/components/finance/PricingCalculator.tsx(6,61): error TS6133: 'Legend' is declared but its value is never read.
src/components/finance/PricingCalculator.tsx(30,7): error TS6133: 'LOSS_COLOR' is declared but its value is never read.
src/components/finance/PricingCalculator.tsx(33,39): error TS6133: 'handleSubmit' is declared but its value is never read.
src/components/finance/PricingCalculator.tsx(34,9): error TS2322: Type 'Resolver<{ productName: string; sellingPrice: number; ingredients: { name: string; type: "peso" | "volumen" | "unidad"; quantity: number; costPrice: number; merma: number; }[]; overhead?: number | undefined; laborMinutes?: number | undefined; laborRatePerMinute?: number | undefined; }, any, { ...; }>' is not assignable to type 'Resolver<{ productName: string; sellingPrice: number; ingredients: { name: string; type: "peso" | "volumen" | "unidad"; quantity: number; costPrice: number; merma: number; }[]; overhead: number; laborMinutes?: number | undefined; laborRatePerMinute?: number | undefined; }, any, { ...; }>'.
  Types of parameters 'options' and 'options' are incompatible.
    Type 'ResolverOptions<{ productName: string; sellingPrice: number; ingredients: { name: string; type: "peso" | "volumen" | "unidad"; quantity: number; costPrice: number; merma: number; }[]; overhead: number; laborMinutes?: number | undefined; laborRatePerMinute?: number | undefined; }>' is not assignable to type 'ResolverOptions<{ productName: string; sellingPrice: number; ingredients: { name: string; type: "peso" | "volumen" | "unidad"; quantity: number; costPrice: number; merma: number; }[]; overhead?: number | undefined; laborMinutes?: number | undefined; laborRatePerMinute?: number | undefined; }>'.
      Type 'number | undefined' is not assignable to type 'number'.
        Type 'undefined' is not assignable to type 'number'.
src/hooks/usePOS.ts(101,19): error TS2352: Conversion of type '{ id: any; tipo: string; nombre: any; category: any; detalle: string; precio: any; stock: number; unidad: string; promo_activa: null; }[]' to type 'ProductoPOS[]' may be a mistake because neither type sufficiently overlaps with the other. If this was intentional, convert the expression to 'unknown' first.
  Type '{ id: any; tipo: string; nombre: any; category: any; detalle: string; precio: any; stock: number; unidad: string; promo_activa: null; }' is not comparable to type 'ProductoPOS'.
    Types of property 'promo_activa' are incompatible.
      Type 'null' is not comparable to type 'PromoPOS | undefined'.
src/hooks/usePOS.ts(108,13): error TS6133: 'hoyLocalFormato' is declared but its value is never read.
src/pages/Gastos.tsx(32,46): error TS2304: Cannot find name 'GastoFijoForm'.
src/pages/Gastos.tsx(33,207): error TS2353: Object literal may only specify known properties, and 'cost_center' does not exist in type 'RegistroPagoForm | (() => RegistroPagoForm)'.
src/pages/Gastos.tsx(48,9): error TS2304: Cannot find name 'getMonthlyBudgets'.
src/pages/Gastos.tsx(52,35): error TS7006: Parameter 'acc' implicitly has an 'any' type.
src/pages/Gastos.tsx(52,40): error TS7006: Parameter 'sale' implicitly has an 'any' type.
src/pages/Gastos.tsx(78,90): error TS2353: Object literal may only specify known properties, and 'cost_center' does not exist in type 'SetStateAction<RegistroPagoForm>'.
src/pages/Gastos.tsx(94,7): error TS2353: Object literal may only specify known properties, and 'cost_center' does not exist in type 'SetStateAction<RegistroPagoForm>'.
src/pages/Gastos.tsx(141,14): error TS2304: Cannot find name 'Calculator'.
src/pages/Gastos.tsx(310,173): error TS2353: Object literal may only specify known properties, and 'cost_center' does not exist in type 'SetStateAction<RegistroPagoForm>'.
src/pages/Gastos.tsx(371,9): error TS2322: Type 'false | {}' is not assignable to type 'ReactNode'.
  Type '{}' is not assignable to type 'ReactNode'.
src/pages/Gastos.tsx(436,9): error TS2322: Type 'false | {}' is not assignable to type 'ReactNode'.
  Type '{}' is not assignable to type 'ReactNode'.
src/pages/Insumos.tsx(112,13): error TS6133: 'costoTotalCompra' is declared but its value is never read.
src/pages/Insumos.tsx(113,13): error TS6133: 'descripcionHistorial' is declared but its value is never read.
src/pages/Productos.tsx(108,42): error TS2353: Object literal may only specify known properties, and 'category' does not exist in type 'SetStateAction<ProductoForm>'.
src/pages/Productos.tsx(227,82): error TS2322: Type 'string | null | undefined' is not assignable to type 'string | number | readonly string[] | undefined'.
  Type 'null' is not assignable to type 'string | number | readonly string[] | undefined'.
src/services/recetasService.ts(61,78): error TS6133: 'orgId' is declared but its value is never read.
